runner error for mpwj4mss_e54fa9 (discord:1502103856740302964):
Traceback (most recent call last):
  File "/home/shumway/projects/CorvinOS/operator/bridges/shared/adapter.py", line 6267, in _runner
    process_one(inbox_file, settings)
    ~~~~~~~~~~~^^^^^^^^^^^^^^^^^^^^^^
  File "/home/shumway/projects/CorvinOS/operator/bridges/shared/adapter.py", line 5787, in process_one
    answer = call_claude_streaming(
        prompt, channel=channel, chat_key=chat_key,
    ...<3 lines>...
        **media_kwargs,
    )
  File "/home/shumway/projects/CorvinOS/operator/bridges/shared/adapter.py", line 4293, in call_claude_streaming
    return _call_claude_streaming_via_engine(
        prompt, channel, chat_key, mode, add_dir, profile,
    ...<2 lines>...
        resume_session_id=_resume_id, msg_id=msg_id,
    )
  File "/home/shumway/projects/CorvinOS/operator/bridges/shared/adapter.py", line 3423, in _call_claude_streaming_via_engine
    (workdir / ".session_started").touch()
    ~~~~~~~~~~~~~~~~~~~~~~~~~~~~~~~~~~~~^^
  File "/home/shumway/anaconda3/lib/python3.13/pathlib/_local.py", line 714, in touch
    fd = os.open(self, flags, mode)
FileNotFoundError: [Errno 2] No such file or directory: '/home/shumway/projects/CorvinOS/.corvin/voice/sessions/discord/1502103856740302964/.session_started'
