runner error for mq8dreud_f57321 (discord:1502103856740302964):
Traceback (most recent call last):
  File "/home/shumway/projects/CorvinOS/operator/bridges/shared/adapter.py", line 6646, in _runner
    process_one(inbox_file, settings)
    ~~~~~~~~~~~^^^^^^^^^^^^^^^^^^^^^^
  File "/home/shumway/projects/CorvinOS/operator/bridges/shared/adapter.py", line 6157, in process_one
    answer = call_claude_streaming(
        prompt, channel=channel, chat_key=chat_key,
    ...<3 lines>...
        **media_kwargs,
    )
  File "/home/shumway/projects/CorvinOS/operator/bridges/shared/adapter.py", line 4580, in call_claude_streaming
    return _call_claude_streaming_via_engine(
        prompt, channel, chat_key, mode, add_dir, profile,
    ...<2 lines>...
        resume_session_id=_resume_id, msg_id=msg_id,
    )
  File "/home/shumway/projects/CorvinOS/operator/bridges/shared/adapter.py", line 3397, in _call_claude_streaming_via_engine
    _audit_event("os_turn.started",
    ~~~~~~~~~~~~^^^^^^^^^^^^^^^^^^^
        turn_id=_os_turn_id,
        ^^^^^^^^^^^^^^^^^^^^
        chat_key=chat_key,
        ^^^^^^^^^^^^^^^^^^
        persona=persona,
        ^^^^^^^^^^^^^^^^
    )
    ^
TypeError: audit_event() got an unexpected keyword argument 'turn_id'
